Archive member included to satisfy reference by file (symbol)

/Users/nimaaghli/Documents/workspace/STM32AI_SoundNet/Middlewares/ST/AI/AI/lib/network_runtime.a(ai_platform_interface.o)
                              Middlewares/ST/AI/AI/src/network.o (ai_platform_api_get_version)
/Users/nimaaghli/Documents/workspace/STM32AI_SoundNet/Middlewares/ST/AI/AI/lib/network_runtime.a(core_common.o)
                              /Users/nimaaghli/Documents/workspace/STM32AI_SoundNet/Middlewares/ST/AI/AI/lib/network_runtime.a(ai_platform_interface.o) (core_get_error)
/Users/nimaaghli/Documents/workspace/STM32AI_SoundNet/Middlewares/ST/AI/AI/lib/network_runtime.a(layers.o)
                              /Users/nimaaghli/Documents/workspace/STM32AI_SoundNet/Middlewares/ST/AI/AI/lib/network_runtime.a(ai_platform_interface.o) (ai_check_custom_types)
/Users/nimaaghli/Documents/workspace/STM32AI_SoundNet/Middlewares/ST/AI/AI/lib/network_runtime.a(layers_conv2d_generic_float.o)
                              Middlewares/ST/AI/AI/src/network.o (forward_dense)
/Users/nimaaghli/Documents/workspace/STM32AI_SoundNet/Middlewares/ST/AI/AI/lib/network_runtime.a(layers_nl_generic_float.o)
                              Middlewares/ST/AI/AI/src/network.o (forward_relu)
/Users/nimaaghli/Documents/workspace/STM32AI_SoundNet/Middlewares/ST/AI/AI/lib/network_runtime.a(ai_math_helpers.o)
                              /Users/nimaaghli/Documents/workspace/STM32AI_SoundNet/Middlewares/ST/AI/AI/lib/network_runtime.a(layers_conv2d_generic_float.o) (ai_math_dot_array)
/Applications/Ac6/SystemWorkbench.app/Contents/Eclipse/plugins/fr.ac6.mcu.externaltools.arm-none.macos64_1.17.0.201812190825/tools/compiler/bin/../lib/gcc/arm-none-eabi/7.3.1/../../../../arm-none-eabi/lib/thumb/v7e-m/fpv4-sp/hard/libm.a(lib_a-sf_tanh.o)
                              /Users/nimaaghli/Documents/workspace/STM32AI_SoundNet/Middlewares/ST/AI/AI/lib/network_runtime.a(layers_nl_generic_float.o) (tanhf)
/Applications/Ac6/SystemWorkbench.app/Contents/Eclipse/plugins/fr.ac6.mcu.externaltools.arm-none.macos64_1.17.0.201812190825/tools/compiler/bin/../lib/gcc/arm-none-eabi/7.3.1/../../../../arm-none-eabi/lib/thumb/v7e-m/fpv4-sp/hard/libm.a(lib_a-wf_exp.o)
                              /Users/nimaaghli/Documents/workspace/STM32AI_SoundNet/Middlewares/ST/AI/AI/lib/network_runtime.a(layers_nl_generic_float.o) (expf)
/Applications/Ac6/SystemWorkbench.app/Contents/Eclipse/plugins/fr.ac6.mcu.externaltools.arm-none.macos64_1.17.0.201812190825/tools/compiler/bin/../lib/gcc/arm-none-eabi/7.3.1/../../../../arm-none-eabi/lib/thumb/v7e-m/fpv4-sp/hard/libm.a(lib_a-wf_pow.o)
                              /Users/nimaaghli/Documents/workspace/STM32AI_SoundNet/Middlewares/ST/AI/AI/lib/network_runtime.a(ai_math_helpers.o) (powf)
/Applications/Ac6/SystemWorkbench.app/Contents/Eclipse/plugins/fr.ac6.mcu.externaltools.arm-none.macos64_1.17.0.201812190825/tools/compiler/bin/../lib/gcc/arm-none-eabi/7.3.1/../../../../arm-none-eabi/lib/thumb/v7e-m/fpv4-sp/hard/libm.a(lib_a-ef_exp.o)
                              /Applications/Ac6/SystemWorkbench.app/Contents/Eclipse/plugins/fr.ac6.mcu.externaltools.arm-none.macos64_1.17.0.201812190825/tools/compiler/bin/../lib/gcc/arm-none-eabi/7.3.1/../../../../arm-none-eabi/lib/thumb/v7e-m/fpv4-sp/hard/libm.a(lib_a-wf_exp.o) (__ieee754_expf)
/Applications/Ac6/SystemWorkbench.app/Contents/Eclipse/plugins/fr.ac6.mcu.externaltools.arm-none.macos64_1.17.0.201812190825/tools/compiler/bin/../lib/gcc/arm-none-eabi/7.3.1/../../../../arm-none-eabi/lib/thumb/v7e-m/fpv4-sp/hard/libm.a(lib_a-ef_pow.o)
                              /Applications/Ac6/SystemWorkbench.app/Contents/Eclipse/plugins/fr.ac6.mcu.externaltools.arm-none.macos64_1.17.0.201812190825/tools/compiler/bin/../lib/gcc/arm-none-eabi/7.3.1/../../../../arm-none-eabi/lib/thumb/v7e-m/fpv4-sp/hard/libm.a(lib_a-wf_pow.o) (__ieee754_powf)
/Applications/Ac6/SystemWorkbench.app/Contents/Eclipse/plugins/fr.ac6.mcu.externaltools.arm-none.macos64_1.17.0.201812190825/tools/compiler/bin/../lib/gcc/arm-none-eabi/7.3.1/../../../../arm-none-eabi/lib/thumb/v7e-m/fpv4-sp/hard/libm.a(lib_a-ef_sqrt.o)
                              /Applications/Ac6/SystemWorkbench.app/Contents/Eclipse/plugins/fr.ac6.mcu.externaltools.arm-none.macos64_1.17.0.201812190825/tools/compiler/bin/../lib/gcc/arm-none-eabi/7.3.1/../../../../arm-none-eabi/lib/thumb/v7e-m/fpv4-sp/hard/libm.a(lib_a-ef_pow.o) (__ieee754_sqrtf)
/Applications/Ac6/SystemWorkbench.app/Contents/Eclipse/plugins/fr.ac6.mcu.externaltools.arm-none.macos64_1.17.0.201812190825/tools/compiler/bin/../lib/gcc/arm-none-eabi/7.3.1/../../../../arm-none-eabi/lib/thumb/v7e-m/fpv4-sp/hard/libm.a(lib_a-s_lib_ver.o)
[...]
Memory Configuration

Name             Origin             Length             Attributes
RAM              0x0000000020000000 0x0000000000020000 xrw
CCMRAM           0x0000000010000000 0x0000000000010000 rw
FLASH            0x0000000008000000 0x0000000000100000 xr
*default*        0x0000000000000000 0xffffffffffffffff

Linker script and memory map

LOAD /Applications/Ac6/SystemWorkbench.app/Contents/Eclipse/plugins/fr.ac6.mcu.externaltools.arm-none.macos64_1.17.0.201812190825/tools/compiler/bin/../lib/gcc/arm-none-eabi/7.3.1/thumb/v7e-m/fpv4-sp/hard/crti.o
LOAD /Applications/Ac6/SystemWorkbench.app/Contents/Eclipse/plugins/fr.ac6.mcu.externaltools.arm-none.macos64_1.17.0.201812190825/tools/compiler/bin/../lib/gcc/arm-none-eabi/7.3.1/thumb/v7e-m/fpv4-sp/hard/crtbegin.o
LOAD /Applications/Ac6/SystemWorkbench.app/Contents/Eclipse/plugins/fr.ac6.mcu.externaltools.arm-none.macos64_1.17.0.201812190825/tools/compiler/bin/../lib/gcc/arm-none-eabi/7.3.1/../../../../arm-none-eabi/lib/thumb/v7e-m/fpv4-sp/hard/crt0.o
LOAD Application/SW4STM32/startup_stm32f407xx.o
LOAD Application/SW4STM32/syscalls.o
LOAD Application/User/app_x-cube-ai.o
LOAD Application/User/main.o
LOAD Application/User/stm32f4xx_hal_msp.o
LOAD Application/User/stm32f4xx_it.o
LOAD Drivers/BSP/Components/cs43l22/cs43l22.o
LOAD Drivers/BSP/Components/exc7200/exc7200.o
LOAD Drivers/BSP/Components/ft6x06/ft6x06.o
LOAD Drivers/BSP/Components/ili9325/ili9325.o
LOAD Drivers/BSP/Components/ili9341/ili9341.o
LOAD Drivers/BSP/Components/l3gd20/l3gd20.o
LOAD Drivers/BSP/Components/lis302dl/lis302dl.o
LOAD Drivers/BSP/Components/lis3dsh/lis3dsh.o
LOAD Drivers/BSP/Components/ls016b8uy/ls016b8uy.o
LOAD Drivers/BSP/Components/lsm303dlhc/lsm303dlhc.o
LOAD Drivers/BSP/Components/mfxstm32l152/mfxstm32l152.o
LOAD Drivers/BSP/Components/otm8009a/otm8009a.o
LOAD Drivers/BSP/Components/ov2640/ov2640.o
LOAD Drivers/BSP/Components/s5k5cag/s5k5cag.o
LOAD Drivers/BSP/Components/st7735/st7735.o
LOAD Drivers/BSP/Components/st7789h2/st7789h2.o
LOAD Drivers/BSP/Components/stmpe1600/stmpe1600.o
LOAD Drivers/BSP/Components/stmpe811/stmpe811.o
LOAD Drivers/BSP/Components/ts3510/ts3510.o
LOAD Drivers/BSP/Components/wm8994/wm8994.o
LOAD Drivers/BSP/STM32F4-Discovery/stm32f4_discovery.o
LOAD Drivers/BSP/STM32F4-Discovery/stm32f4_discovery_accelerometer.o
LOAD Drivers/BSP/STM32F4-Discovery/stm32f4_discovery_audio.o
LOAD Drivers/CMSIS/DSP/Source/BasicMathFunctions/arm_dot_prod_f32.o
LOAD Drivers/CMSIS/system_stm32f4xx.o
LOAD Drivers/STM32F4xx_HAL_Driver/stm32f4xx_hal.o
LOAD Drivers/STM32F4xx_HAL_Driver/stm32f4xx_hal_cortex.o
LOAD Drivers/STM32F4xx_HAL_Driver/stm32f4xx_hal_crc.o
LOAD Drivers/STM32F4xx_HAL_Driver/stm32f4xx_hal_dma.o
LOAD Drivers/STM32F4xx_HAL_Driver/stm32f4xx_hal_dma_ex.o
LOAD Drivers/STM32F4xx_HAL_Driver/stm32f4xx_hal_exti.o
LOAD Drivers/STM32F4xx_HAL_Driver/stm32f4xx_hal_flash.o
LOAD Drivers/STM32F4xx_HAL_Driver/stm32f4xx_hal_flash_ex.o
LOAD Drivers/STM32F4xx_HAL_Driver/stm32f4xx_hal_flash_ramfunc.o
LOAD Drivers/STM32F4xx_HAL_Driver/stm32f4xx_hal_gpio.o
LOAD Drivers/STM32F4xx_HAL_Driver/stm32f4xx_hal_i2c.o
LOAD Drivers/STM32F4xx_HAL_Driver/stm32f4xx_hal_i2c_ex.o
LOAD Drivers/STM32F4xx_HAL_Driver/stm32f4xx_hal_i2s.o
LOAD Drivers/STM32F4xx_HAL_Driver/stm32f4xx_hal_i2s_ex.o
LOAD Drivers/STM32F4xx_HAL_Driver/stm32f4xx_hal_pwr.o
LOAD Drivers/STM32F4xx_HAL_Driver/stm32f4xx_hal_pwr_ex.o
LOAD Drivers/STM32F4xx_HAL_Driver/stm32f4xx_hal_rcc.o
LOAD Drivers/STM32F4xx_HAL_Driver/stm32f4xx_hal_rcc_ex.o
LOAD Drivers/STM32F4xx_HAL_Driver/stm32f4xx_hal_spi.o
LOAD Drivers/STM32F4xx_HAL_Driver/stm32f4xx_hal_tim.o
LOAD Drivers/STM32F4xx_HAL_Driver/stm32f4xx_hal_tim_ex.o
LOAD Drivers/STM32F4xx_HAL_Driver/stm32f4xx_hal_uart.o
LOAD Middlewares/ST/AI/AI/data/network_data.o
LOAD Middlewares/ST/AI/AI/src/network.o
LOAD /Users/nimaaghli/Documents/workspace/STM32AI_SoundNet/Middlewares/ST/AI/AI/lib/network_runtime.a
LOAD /Applications/Ac6/SystemWorkbench.app/Contents/Eclipse/plugins/fr.ac6.mcu.externaltools.arm-none.macos64_1.17.0.201812190825/tools/compiler/bin/../lib/gcc/arm-none-eabi/7.3.1/../../../../arm-none-eabi/lib/thumb/v7e-m/fpv4-sp/hard/libm.a
START GROUP
LOAD /Applications/Ac6/SystemWorkbench.app/Contents/Eclipse/plugins/fr.ac6.mcu.externaltools.arm-none.macos64_1.17.0.201812190825/tools/compiler/bin/../lib/gcc/arm-none-eabi/7.3.1/thumb/v7e-m/fpv4-sp/hard/libgcc.a
LOAD /Applications/Ac6/SystemWorkbench.app/Contents/Eclipse/plugins/fr.ac6.mcu.externaltools.arm-none.macos64_1.17.0.201812190825/tools/compiler/bin/../lib/gcc/arm-none-eabi/7.3.1/../../../../arm-none-eabi/lib/thumb/v7e-m/fpv4-sp/hard/libc_nano.a
END GROUP
START GROUP
LOAD /Applications/Ac6/SystemWorkbench.app/Contents/Eclipse/plugins/fr.ac6.mcu.externaltools.arm-none.macos64_1.17.0.201812190825/tools/compiler/bin/../lib/gcc/arm-none-eabi/7.3.1/thumb/v7e-m/fpv4-sp/hard/libgcc.a
LOAD /Applications/Ac6/SystemWorkbench.app/Contents/Eclipse/plugins/fr.ac6.mcu.externaltools.arm-none.macos64_1.17.0.201812190825/tools/compiler/bin/../lib/gcc/arm-none-eabi/7.3.1/../../../../arm-none-eabi/lib/thumb/v7e-m/fpv4-sp/hard/libc_nano.a
LOAD /Applications/Ac6/SystemWorkbench.app/Contents/Eclipse/plugins/fr.ac6.mcu.externaltools.arm-none.macos64_1.17.0.201812190825/tools/compiler/bin/../lib/gcc/arm-none-eabi/7.3.1/../../../../arm-none-eabi/lib/thumb/v7e-m/fpv4-sp/hard/libnosys.a
END GROUP
START GROUP
LOAD /Applications/Ac6/SystemWorkbench.app/Contents/Eclipse/plugins/fr.ac6.mcu.externaltools.arm-none.macos64_1.17.0.201812190825/tools/compiler/bin/../lib/gcc/arm-none-eabi/7.3.1/thumb/v7e-m/fpv4-sp/hard/libgcc.a
LOAD /Applications/Ac6/SystemWorkbench.app/Contents/Eclipse/plugins/fr.ac6.mcu.externaltools.arm-none.macos64_1.17.0.201812190825/tools/compiler/bin/../lib/gcc/arm-none-eabi/7.3.1/../../../../arm-none-eabi/lib/thumb/v7e-m/fpv4-sp/hard/libc_nano.a
LOAD /Applications/Ac6/SystemWorkbench.app/Contents/Eclipse/plugins/fr.ac6.mcu.externaltools.arm-none.macos64_1.17.0.201812190825/tools/compiler/bin/../lib/gcc/arm-none-eabi/7.3.1/../../../../arm-none-eabi/lib/thumb/v7e-m/fpv4-sp/hard/libnosys.a
END GROUP
LOAD /Applications/Ac6/SystemWorkbench.app/Contents/Eclipse/plugins/fr.ac6.mcu.externaltools.arm-none.macos64_1.17.0.201812190825/tools/compiler/bin/../lib/gcc/arm-none-eabi/7.3.1/thumb/v7e-m/fpv4-sp/hard/crtend.o
LOAD /Applications/Ac6/SystemWorkbench.app/Contents/Eclipse/plugins/fr.ac6.mcu.externaltools.arm-none.macos64_1.17.0.201812190825/tools/compiler/bin/../lib/gcc/arm-none-eabi/7.3.1/thumb/v7e-m/fpv4-sp/hard/crtn.o
                0x0000000020020000                _estack = 0x20020000
                0x0000000000002000                _Min_Heap_Size = 0x2000
                0x0000000000004000                _Min_Stack_Size = 0x4000

.isr_vector     0x0000000008000000      0x188
                0x0000000008000000                . = ALIGN (0x4)
 *(.isr_vector)
 .isr_vector    0x0000000008000000      0x188 Application/SW4STM32/startup_stm32f407xx.o
                0x0000000008000000                g_pfnVectors
                0x0000000008000188                . = ALIGN (0x4)

.text           0x0000000008000188     0x2328
                0x0000000008000188                . = ALIGN (0x4)
 *(.text)
 .text          0x0000000008000188       0x40 /Applications/Ac6/SystemWorkbench.app/Contents/Eclipse/plugins/fr.ac6.mcu.externaltools.arm-none.macos64_1.17.0.201812190825/tools/compiler/bin/../lib/gcc/arm-none-eabi/7.3.1/thumb/v7e-m/fpv4-sp/hard/crtbegin.o
 .text          0x00000000080001c8       0x30 /Applications/Ac6/SystemWorkbench.app/Contents/Eclipse/plugins/fr.ac6.mcu.externaltools.arm-none.macos64_1.17.0.201812190825/tools/compiler/bin/../lib/gcc/arm-none-eabi/7.3.1/thumb/v7e-m/fpv4-sp/hard/libgcc.a(_aeabi_uldivmod.o)
                0x00000000080001c8                __aeabi_uldivmod
 .text          0x00000000080001f8      0x2cc /Applications/Ac6/SystemWorkbench.app/Contents/Eclipse/plugins/fr.ac6.mcu.externaltools.arm-none.macos64_1.17.0.201812190825/tools/compiler/bin/../lib/gcc/arm-none-eabi/7.3.1/thumb/v7e-m/fpv4-sp/hard/libgcc.a(_udivmoddi4.o)
                0x00000000080001f8                __udivmoddi4
 .text          0x00000000080004c4        0x4 /Applications/Ac6/SystemWorkbench.app/Contents/Eclipse/plugins/fr.ac6.mcu.externaltools.arm-none.macos64_1.17.0.201812190825/tools/compiler/bin/../lib/gcc/arm-none-eabi/7.3.1/thumb/v7e-m/fpv4-sp/hard/libgcc.a(_dvmd_tls.o)
                0x00000000080004c4                __aeabi_ldiv0
                0x00000000080004c4                __aeabi_idiv0
 *(.text*)
 .text.Reset_Handler
                0x00000000080004c8       0x50 Application/SW4STM32/startup_stm32f407xx.o
                0x00000000080004c8                Reset_Handler
 .text.Default_Handler
                0x0000000008000518        0x2 Application/SW4STM32/startup_stm32f407xx.o
                0x0000000008000518                DMA1_Stream3_IRQHandler
                0x0000000008000518                HASH_RNG_IRQHandler
                0x0000000008000518                EXTI2_IRQHandler
                0x0000000008000518                TIM8_CC_IRQHandler
                0x0000000008000518                TIM1_CC_IRQHandler
                0x0000000008000518                DMA2_Stream5_IRQHandler
                0x0000000008000518                DMA1_Stream5_IRQHandler
                0x0000000008000518                PVD_IRQHandler
                0x0000000008000518                SDIO_IRQHandler
                0x0000000008000518                TAMP_STAMP_IRQHandler
                0x0000000008000518                CAN2_RX1_IRQHandler
                0x0000000008000518                EXTI3_IRQHandler
                0x0000000008000518                TIM8_TRG_COM_TIM14_IRQHandler
                0x0000000008000518                TIM1_UP_TIM10_IRQHandler
                0x0000000008000518                TIM8_UP_TIM13_IRQHandler
                0x0000000008000518                I2C3_ER_IRQHandler
                0x0000000008000518                EXTI0_IRQHandler
                0x0000000008000518                I2C2_EV_IRQHandler
                0x0000000008000518                DMA1_Stream2_IRQHandler
                0x0000000008000518                CAN1_RX0_IRQHandler
                0x0000000008000518                FPU_IRQHandler
                0x0000000008000518                OTG_HS_WKUP_IRQHandler
                0x0000000008000518                CAN2_SCE_IRQHandler
                0x0000000008000518                DMA2_Stream2_IRQHandler
                0x0000000008000518                SPI1_IRQHandler
                0x0000000008000518                TIM6_DAC_IRQHandler
                0x0000000008000518                TIM1_BRK_TIM9_IRQHandler
                0x0000000008000518                DCMI_IRQHandler
                0x0000000008000518                CAN2_RX0_IRQHandler
                0x0000000008000518                DMA2_Stream3_IRQHandler
                0x0000000008000518                USART6_IRQHandler
                0x0000000008000518                USART3_IRQHandler
                0x0000000008000518                CAN1_RX1_IRQHandler
                0x0000000008000518                UART5_IRQHandler
                0x0000000008000518                DMA2_Stream0_IRQHandler
                0x0000000008000518                TIM4_IRQHandler
                0x0000000008000518                I2C1_EV_IRQHandler
                0x0000000008000518                DMA1_Stream6_IRQHandler
                0x0000000008000518                DMA1_Stream1_IRQHandler
                0x0000000008000518                UART4_IRQHandler
                0x0000000008000518                TIM3_IRQHandler
                0x0000000008000518                RCC_IRQHandler
                0x0000000008000518                TIM8_BRK_TIM12_IRQHandler
                0x0000000008000518                Default_Handler
                0x0000000008000518                EXTI15_10_IRQHandler
                0x0000000008000518                ADC_IRQHandler
                0x0000000008000518                DMA1_Stream7_IRQHandler
                0x0000000008000518                TIM7_IRQHandler
                0x0000000008000518                CAN2_TX_IRQHandler
                0x0000000008000518                TIM5_IRQHandler
                0x0000000008000518                DMA2_Stream7_IRQHandler
                0x0000000008000518                I2C3_EV_IRQHandler
                0x0000000008000518                EXTI9_5_IRQHandler
                0x0000000008000518                RTC_WKUP_IRQHandler
                0x0000000008000518                ETH_WKUP_IRQHandler
                0x0000000008000518                SPI2_IRQHandler
                0x0000000008000518                OTG_HS_EP1_IN_IRQHandler
                0x0000000008000518                DMA1_Stream0_IRQHandler
                0x0000000008000518                CAN1_TX_IRQHandler
                0x0000000008000518                EXTI4_IRQHandler
                0x0000000008000518                FSMC_IRQHandler
                0x0000000008000518                ETH_IRQHandler
                0x0000000008000518                OTG_HS_EP1_OUT_IRQHandler
                0x0000000008000518                WWDG_IRQHandler
                0x0000000008000518                TIM2_IRQHandler
                0x0000000008000518                OTG_FS_WKUP_IRQHandler
                0x0000000008000518                TIM1_TRG_COM_TIM11_IRQHandler
                0x0000000008000518                OTG_HS_IRQHandler
                0x0000000008000518                EXTI1_IRQHandler
                0x0000000008000518                USART2_IRQHandler
                0x0000000008000518                I2C2_ER_IRQHandler
                0x0000000008000518                DMA2_Stream1_IRQHandler
                0x0000000008000518                CAN1_SCE_IRQHandler
                0x0000000008000518                FLASH_IRQHandler
                0x0000000008000518                DMA2_Stream4_IRQHandler
                0x0000000008000518                USART1_IRQHandler
                0x0000000008000518                OTG_FS_IRQHandler
                0x0000000008000518                SPI3_IRQHandler
                0x0000000008000518                DMA1_Stream4_IRQHandler
                0x0000000008000518                I2C1_ER_IRQHandler
                0x0000000008000518                DMA2_Stream6_IRQHandler
                0x0000000008000518                RTC_Alarm_IRQHandler
 .text.MX_X_CUBE_AI_Init
                0x000000000800051a        0x8 Application/User/app_x-cube-ai.o
                0x000000000800051a                MX_X_CUBE_AI_Init
 .text.MX_X_CUBE_AI_Process
                0x0000000008000522        0x2 Application/User/app_x-cube-ai.o
                0x0000000008000522                MX_X_CUBE_AI_Process
 .text.Error_Handler
                0x0000000008000524        0xa Application/User/main.o
                0x0000000008000524                Error_Handler
 *fill*         0x000000000800052e        0x2 
 .text.AudioRecord_Test
                0x0000000008000530       0x24 Application/User/main.o
                0x0000000008000530                AudioRecord_Test
 .text.MX_CRC_Init
                0x0000000008000554       0x20 Application/User/main.o
 .text.SystemClock_Config
                0x0000000008000574       0xcc Application/User/main.o
                0x0000000008000574                SystemClock_Config
 .text.main     0x0000000008000640       0x44 Application/User/main.o
                0x0000000008000640                main
 .text.MX_USART2_UART_Init
                0x0000000008000684       0x34 Application/User/main.o
                0x0000000008000684                MX_USART2_UART_Init
 .text.HAL_MspInit
                0x00000000080006b8       0x40 Application/User/stm32f4xx_hal_msp.o
                0x00000000080006b8                HAL_MspInit
 .text.HAL_CRC_MspInit
                0x00000000080006f8       0x30 Application/User/stm32f4xx_hal_msp.o
                0x00000000080006f8                HAL_CRC_MspInit
 .text.HAL_I2S_MspInit
                0x0000000008000728       0xb0 Application/User/stm32f4xx_hal_msp.o
                0x0000000008000728                HAL_I2S_MspInit
 .text.HAL_UART_MspInit
                0x00000000080007d8       0x74 Application/User/stm32f4xx_hal_msp.o
                0x00000000080007d8                HAL_UART_MspInit
 .text.NMI_Handler
                0x000000000800084c        0x2 Application/User/stm32f4xx_it.o
                0x000000000800084c                NMI_Handler
 .text.HardFault_Handler
                0x000000000800084e        0x2 Application/User/stm32f4xx_it.o
                0x000000000800084e                HardFault_Handler
 .text.MemManage_Handler
                0x0000000008000850        0x2 Application/User/stm32f4xx_it.o
                0x0000000008000850                MemManage_Handler
 .text.BusFault_Handler
                0x0000000008000852        0x2 Application/User/stm32f4xx_it.o
                0x0000000008000852                BusFault_Handler
 .text.UsageFault_Handler
                0x0000000008000854        0x2 Application/User/stm32f4xx_it.o
                0x0000000008000854                UsageFault_Handler
 .text.SVC_Handler
                0x0000000008000856        0x2 Application/User/stm32f4xx_it.o
                0x0000000008000856                SVC_Handler
 .text.DebugMon_Handler
                0x0000000008000858        0x2 Application/User/stm32f4xx_it.o
                0x0000000008000858                DebugMon_Handler
 .text.PendSV_Handler
                0x000000000800085a        0x2 Application/User/stm32f4xx_it.o
                0x000000000800085a                PendSV_Handler
 .text.SysTick_Handler
                0x000000000800085c        0x8 Application/User/stm32f4xx_it.o
                0x000000000800085c                SysTick_Handler
 .text.BSP_LED_Init
                0x0000000008000864       0xb4 Drivers/BSP/STM32F4-Discovery/stm32f4_discovery.o
                0x0000000008000864                BSP_LED_Init
 .text.BSP_LED_On
                0x0000000008000918       0x20 Drivers/BSP/STM32F4-Discovery/stm32f4_discovery.o
                0x0000000008000918                BSP_LED_On
 .text.BSP_LED_Toggle
                0x0000000008000938       0x20 Drivers/BSP/STM32F4-Discovery/stm32f4_discovery.o
                0x0000000008000938                BSP_LED_Toggle
 .text.BSP_PB_Init
                0x0000000008000958       0x88 Drivers/BSP/STM32F4-Discovery/stm32f4_discovery.o
                0x0000000008000958                BSP_PB_Init
 .text.BSP_PB_GetState
                0x00000000080009e0       0x18 Drivers/BSP/STM32F4-Discovery/stm32f4_discovery.o
                0x00000000080009e0                BSP_PB_GetState
 .text.I2S2_Init
                0x00000000080009f8       0x44 Drivers/BSP/STM32F4-Discovery/stm32f4_discovery_audio.o
 .text.PDMDecoder_Init
                0x0000000008000a3c       0x8c Drivers/BSP/STM32F4-Discovery/stm32f4_discovery_audio.o
 .text.BSP_AUDIO_OUT_TransferComplete_CallBack
                0x0000000008000ac8        0x2 Drivers/BSP/STM32F4-Discovery/stm32f4_discovery_audio.o
                0x0000000008000ac8                BSP_AUDIO_OUT_TransferComplete_CallBack
 *fill*         0x0000000008000aca        0x2 
 .text.HAL_I2S_TxCpltCallback
                0x0000000008000acc       0x18 Drivers/BSP/STM32F4-Discovery/stm32f4_discovery_audio.o
                0x0000000008000acc                HAL_I2S_TxCpltCallback
 .text.BSP_AUDIO_OUT_Error_CallBack
                0x0000000008000ae4        0x2 Drivers/BSP/STM32F4-Discovery/stm32f4_discovery_audio.o
                0x0000000008000ae4                BSP_AUDIO_OUT_Error_CallBack
 .text.BSP_AUDIO_IN_ClockConfig
                0x0000000008000ae6       0x3e Drivers/BSP/STM32F4-Discovery/stm32f4_discovery_audio.o
                0x0000000008000ae6                BSP_AUDIO_IN_ClockConfig
 .text.BSP_AUDIO_IN_MspInit
                0x0000000008000b24      0x110 Drivers/BSP/STM32F4-Discovery/stm32f4_discovery_audio.o
                0x0000000008000b24                BSP_AUDIO_IN_MspInit
 .text.BSP_AUDIO_IN_Init
                0x0000000008000c34       0x44 Drivers/BSP/STM32F4-Discovery/stm32f4_discovery_audio.o
                0x0000000008000c34                BSP_AUDIO_IN_Init
 .text.BSP_AUDIO_IN_TransferComplete_CallBack
                0x0000000008000c78        0x2 Drivers/BSP/STM32F4-Discovery/stm32f4_discovery_audio.o
                0x0000000008000c78                BSP_AUDIO_IN_TransferComplete_CallBack
 .text.HAL_I2S_RxCpltCallback
                0x0000000008000c7a        0x8 Drivers/BSP/STM32F4-Discovery/stm32f4_discovery_audio.o
                0x0000000008000c7a                HAL_I2S_RxCpltCallback
 .text.BSP_AUDIO_IN_Error_Callback
                0x0000000008000c82        0x2 Drivers/BSP/STM32F4-Discovery/stm32f4_discovery_audio.o
                0x0000000008000c82                BSP_AUDIO_IN_Error_Callback
 .text.HAL_I2S_ErrorCallback
                0x0000000008000c84       0x2c Drivers/BSP/STM32F4-Discovery/stm32f4_discovery_audio.o
                0x0000000008000c84                HAL_I2S_ErrorCallback
 .text.SystemInit
                0x0000000008000cb0       0x4c Drivers/CMSIS/system_stm32f4xx.o
                0x0000000008000cb0                SystemInit
 .text.HAL_InitTick
                0x0000000008000cfc       0x48 Drivers/STM32F4xx_HAL_Driver/stm32f4xx_hal.o
                0x0000000008000cfc                HAL_InitTick
 .text.HAL_Init
                0x0000000008000d44       0x34 Drivers/STM32F4xx_HAL_Driver/stm32f4xx_hal.o
                0x0000000008000d44                HAL_Init
 .text.HAL_IncTick
                0x0000000008000d78       0x18 Drivers/STM32F4xx_HAL_Driver/stm32f4xx_hal.o
                0x0000000008000d78                HAL_IncTick
 .text.HAL_GetTick
                0x0000000008000d90        0xc Drivers/STM32F4xx_HAL_Driver/stm32f4xx_hal.o
                0x0000000008000d90                HAL_GetTick
 .text.HAL_Delay
                0x0000000008000d9c       0x28 Drivers/STM32F4xx_HAL_Driver/stm32f4xx_hal.o
                0x0000000008000d9c                HAL_Delay
 .text.HAL_NVIC_SetPriorityGrouping
                0x0000000008000dc4       0x24 Drivers/STM32F4xx_HAL_Driver/stm32f4xx_hal_cortex.o
                0x0000000008000dc4                HAL_NVIC_SetPriorityGrouping
 .text.HAL_NVIC_SetPriority
                0x0000000008000de8       0x68 Drivers/STM32F4xx_HAL_Driver/stm32f4xx_hal_cortex.o
                0x0000000008000de8                HAL_NVIC_SetPriority
 .text.HAL_NVIC_EnableIRQ
                0x0000000008000e50       0x1c Drivers/STM32F4xx_HAL_Driver/stm32f4xx_hal_cortex.o
                0x0000000008000e50                HAL_NVIC_EnableIRQ
 .text.HAL_SYSTICK_Config
                0x0000000008000e6c       0x2c Drivers/STM32F4xx_HAL_Driver/stm32f4xx_hal_cortex.o
                0x0000000008000e6c                HAL_SYSTICK_Config
 .text.HAL_CRC_Init
                0x0000000008000e98       0x22 Drivers/STM32F4xx_HAL_Driver/stm32f4xx_hal_crc.o
                0x0000000008000e98                HAL_CRC_Init
 *fill*         0x0000000008000eba        0x2 
 .text.DMA_CalcBaseAndBitshift
                0x0000000008000ebc       0x3c Drivers/STM32F4xx_HAL_Driver/stm32f4xx_hal_dma.o
 .text.DMA_CheckFifoParam
                0x0000000008000ef8       0x8e Drivers/STM32F4xx_HAL_Driver/stm32f4xx_hal_dma.o
 *fill*         0x0000000008000f86        0x2 
 .text.HAL_DMA_Init
                0x0000000008000f88       0xcc Drivers/STM32F4xx_HAL_Driver/stm32f4xx_hal_dma.o
                0x0000000008000f88                HAL_DMA_Init
 .text.HAL_DMA_DeInit
                0x0000000008001054       0x66 Drivers/STM32F4xx_HAL_Driver/stm32f4xx_hal_dma.o
                0x0000000008001054                HAL_DMA_DeInit
 *fill*         0x00000000080010ba        0x2 
 .text.HAL_GPIO_Init
                0x00000000080010bc      0x1c8 Drivers/STM32F4xx_HAL_Driver/stm32f4xx_hal_gpio.o
                0x00000000080010bc                HAL_GPIO_Init
 .text.HAL_GPIO_ReadPin
                0x0000000008001284        0xe Drivers/STM32F4xx_HAL_Driver/stm32f4xx_hal_gpio.o
                0x0000000008001284                HAL_GPIO_ReadPin
 .text.HAL_GPIO_WritePin
                0x0000000008001292        0xc Drivers/STM32F4xx_HAL_Driver/stm32f4xx_hal_gpio.o
                0x0000000008001292                HAL_GPIO_WritePin
 .text.HAL_GPIO_TogglePin
                0x000000000800129e       0x12 Drivers/STM32F4xx_HAL_Driver/stm32f4xx_hal_gpio.o
                0x000000000800129e                HAL_GPIO_TogglePin
 .text.HAL_I2S_Init
                0x00000000080012b0      0x19c Drivers/STM32F4xx_HAL_Driver/stm32f4xx_hal_i2s.o
                0x00000000080012b0                HAL_I2S_Init
 .text.I2S_Transmit_IT
                0x000000000800144c       0x36 Drivers/STM32F4xx_HAL_Driver/stm32f4xx_hal_i2s.o
 .text.I2S_Receive_IT
                0x0000000008001482       0x36 Drivers/STM32F4xx_HAL_Driver/stm32f4xx_hal_i2s.o
 .text.I2S_IRQHandler
                0x00000000080014b8       0xd0 Drivers/STM32F4xx_HAL_Driver/stm32f4xx_hal_i2s.o
 .text.HAL_I2S_GetState
                0x0000000008001588        0x6 Drivers/STM32F4xx_HAL_Driver/stm32f4xx_hal_i2s.o
                0x0000000008001588                HAL_I2S_GetState
 .text.HAL_I2SEx_TxRxCpltCallback
                0x000000000800158e        0x2 Drivers/STM32F4xx_HAL_Driver/stm32f4xx_hal_i2s_ex.o
                0x000000000800158e                HAL_I2SEx_TxRxCpltCallback
 .text.I2SEx_TxISR_I2S
                0x0000000008001590       0x3a Drivers/STM32F4xx_HAL_Driver/stm32f4xx_hal_i2s_ex.o
 *fill*         0x00000000080015ca        0x2 
 .text.I2SEx_RxISR_I2SExt
                0x00000000080015cc       0x60 Drivers/STM32F4xx_HAL_Driver/stm32f4xx_hal_i2s_ex.o
 .text.I2SEx_TxISR_I2SExt
                0x000000000800162c       0x60 Drivers/STM32F4xx_HAL_Driver/stm32f4xx_hal_i2s_ex.o
 .text.I2SEx_RxISR_I2S
                0x000000000800168c       0x3a Drivers/STM32F4xx_HAL_Driver/stm32f4xx_hal_i2s_ex.o
 *fill*         0x00000000080016c6        0x2 
 .text.HAL_I2SEx_FullDuplex_IRQHandler
                0x00000000080016c8      0x1d8 Drivers/STM32F4xx_HAL_Driver/stm32f4xx_hal_i2s_ex.o
                0x00000000080016c8                HAL_I2SEx_FullDuplex_IRQHandler
 .text.HAL_RCC_OscConfig
                0x00000000080018a0      0x398 Drivers/STM32F4xx_HAL_Driver/stm32f4xx_hal_rcc.o
                0x00000000080018a0                HAL_RCC_OscConfig
 .text.HAL_RCC_GetSysClockFreq
                0x0000000008001c38       0xd8 Drivers/STM32F4xx_HAL_Driver/stm32f4xx_hal_rcc.o
                0x0000000008001c38                HAL_RCC_GetSysClockFreq
 .text.HAL_RCC_ClockConfig
                0x0000000008001d10      0x158 Drivers/STM32F4xx_HAL_Driver/stm32f4xx_hal_rcc.o
                0x0000000008001d10                HAL_RCC_ClockConfig
 .text.HAL_RCC_GetHCLKFreq
                0x0000000008001e68        0xc Drivers/STM32F4xx_HAL_Driver/stm32f4xx_hal_rcc.o
                0x0000000008001e68                HAL_RCC_GetHCLKFreq
 .text.HAL_RCC_GetPCLK1Freq
                0x0000000008001e74       0x20 Drivers/STM32F4xx_HAL_Driver/stm32f4xx_hal_rcc.o
                0x0000000008001e74                HAL_RCC_GetPCLK1Freq
 .text.HAL_RCC_GetPCLK2Freq
                0x0000000008001e94       0x20 Drivers/STM32F4xx_HAL_Driver/stm32f4xx_hal_rcc.o
                0x0000000008001e94                HAL_RCC_GetPCLK2Freq
 .text.HAL_RCCEx_PeriphCLKConfig
                0x0000000008001eb4      0x154 Drivers/STM32F4xx_HAL_Driver/stm32f4xx_hal_rcc_ex.o
                0x0000000008001eb4                HAL_RCCEx_PeriphCLKConfig
 .text.HAL_RCCEx_GetPeriphCLKConfig
                0x0000000008002008       0x30 Drivers/STM32F4xx_HAL_Driver/stm32f4xx_hal_rcc_ex.o
                0x0000000008002008                HAL_RCCEx_GetPeriphCLKConfig
 .text.HAL_RCCEx_GetPeriphCLKFreq
                0x0000000008002038       0x74 Drivers/STM32F4xx_HAL_Driver/stm32f4xx_hal_rcc_ex.o
                0x0000000008002038                HAL_RCCEx_GetPeriphCLKFreq
 .text.UART_SetConfig
                0x00000000080020ac      0x334 Drivers/STM32F4xx_HAL_Driver/stm32f4xx_hal_uart.o
 .text.HAL_UART_Init
                0x00000000080023e0       0x5e Drivers/STM32F4xx_HAL_Driver/stm32f4xx_hal_uart.o
                0x00000000080023e0                HAL_UART_Init
 *fill*         0x000000000800243e        0x2 
 .text.__libc_init_array
                0x0000000008002440       0x48 /Applications/Ac6/SystemWorkbench.app/Contents/Eclipse/plugins/fr.ac6.mcu.externaltools.arm-none.macos64_1.17.0.201812190825/tools/compiler/bin/../lib/gcc/arm-none-eabi/7.3.1/../../../../arm-none-eabi/lib/thumb/v7e-m/fpv4-sp/hard/libc_nano.a(lib_a-init.o)
                0x0000000008002440                __libc_init_array
 .text.memset   0x0000000008002488       0x10 /Applications/Ac6/SystemWorkbench.app/Contents/Eclipse/plugins/fr.ac6.mcu.externaltools.arm-none.macos64_1.17.0.201812190825/tools/compiler/bin/../lib/gcc/arm-none-eabi/7.3.1/../../../../arm-none-eabi/lib/thumb/v7e-m/fpv4-sp/hard/libc_nano.a(lib_a-memset.o)
                0x0000000008002488                memset
 *(.glue_7)
 .glue_7        0x0000000008002498        0x0 linker stubs
 *(.glue_7t)
 .glue_7t       0x0000000008002498        0x0 linker stubs
 *(.eh_frame)
 .eh_frame      0x0000000008002498        0x0 /Applications/Ac6/SystemWorkbench.app/Contents/Eclipse/plugins/fr.ac6.mcu.externaltools.arm-none.macos64_1.17.0.201812190825/tools/compiler/bin/../lib/gcc/arm-none-eabi/7.3.1/thumb/v7e-m/fpv4-sp/hard/crtbegin.o
 *(.init)
 .init          0x0000000008002498        0x4 /Applications/Ac6/SystemWorkbench.app/Contents/Eclipse/plugins/fr.ac6.mcu.externaltools.arm-none.macos64_1.17.0.201812190825/tools/compiler/bin/../lib/gcc/arm-none-eabi/7.3.1/thumb/v7e-m/fpv4-sp/hard/crti.o
                0x0000000008002498                _init
 .init          0x000000000800249c        0x8 /Applications/Ac6/SystemWorkbench.app/Contents/Eclipse/plugins/fr.ac6.mcu.externaltools.arm-none.macos64_1.17.0.201812190825/tools/compiler/bin/../lib/gcc/arm-none-eabi/7.3.1/thumb/v7e-m/fpv4-sp/hard/crtn.o
 *(.fini)
 .fini          0x00000000080024a4        0x4 /Applications/Ac6/SystemWorkbench.app/Contents/Eclipse/plugins/fr.ac6.mcu.externaltools.arm-none.macos64_1.17.0.201812190825/tools/compiler/bin/../lib/gcc/arm-none-eabi/7.3.1/thumb/v7e-m/fpv4-sp/hard/crti.o
                0x00000000080024a4                _fini
 .fini          0x00000000080024a8        0x8 /Applications/Ac6/SystemWorkbench.app/Contents/Eclipse/plugins/fr.ac6.mcu.externaltools.arm-none.macos64_1.17.0.201812190825/tools/compiler/bin/../lib/gcc/arm-none-eabi/7.3.1/thumb/v7e-m/fpv4-sp/hard/crtn.o
                0x00000000080024b0                . = ALIGN (0x4)
                0x00000000080024b0                _etext = .

.vfp11_veneer   0x00000000080024b0        0x0
 .vfp11_veneer  0x00000000080024b0        0x0 linker stubs

.v4_bx          0x00000000080024b0        0x0
 .v4_bx         0x00000000080024b0        0x0 linker stubs

.iplt           0x00000000080024b0        0x0
 .iplt          0x00000000080024b0        0x0 /Applications/Ac6/SystemWorkbench.app/Contents/Eclipse/plugins/fr.ac6.mcu.externaltools.arm-none.macos64_1.17.0.201812190825/tools/compiler/bin/../lib/gcc/arm-none-eabi/7.3.1/thumb/v7e-m/fpv4-sp/hard/crtbegin.o

.rodata         0x00000000080024b0       0x30
                0x00000000080024b0                . = ALIGN (0x4)
 *(.rodata)
 .rodata        0x00000000080024b0        0xe Drivers/BSP/STM32F4-Discovery/stm32f4_discovery.o
                0x00000000080024b0                GPIO_PIN
                0x00000000080024b8                BUTTON_IRQn
                0x00000000080024bc                BUTTON_PIN
 *fill*         0x00000000080024be        0x2 
 .rodata        0x00000000080024c0       0x18 Drivers/CMSIS/system_stm32f4xx.o
                0x00000000080024c0                AHBPrescTable
                0x00000000080024d0                APBPrescTable
 .rodata        0x00000000080024d8        0x8 Drivers/STM32F4xx_HAL_Driver/stm32f4xx_hal_dma.o
 *(.rodata*)
                0x00000000080024e0                . = ALIGN (0x4)

.ARM.extab
 *(.ARM.extab* .gnu.linkonce.armextab.*)

.ARM            0x00000000080024e0        0x8
                0x00000000080024e0                __exidx_start = .
 *(.ARM.exidx*)
 .ARM.exidx     0x00000000080024e0        0x8 /Applications/Ac6/SystemWorkbench.app/Contents/Eclipse/plugins/fr.ac6.mcu.externaltools.arm-none.macos64_1.17.0.201812190825/tools/compiler/bin/../lib/gcc/arm-none-eabi/7.3.1/thumb/v7e-m/fpv4-sp/hard/libgcc.a(_udivmoddi4.o)
                0x00000000080024e8                __exidx_end = .

.rel.dyn        0x00000000080024e8        0x0
 .rel.iplt      0x00000000080024e8        0x0 /Applications/Ac6/SystemWorkbench.app/Contents/Eclipse/plugins/fr.ac6.mcu.externaltools.arm-none.macos64_1.17.0.201812190825/tools/compiler/bin/../lib/gcc/arm-none-eabi/7.3.1/thumb/v7e-m/fpv4-sp/hard/crtbegin.o

.preinit_array  0x00000000080024e8        0x0
                0x00000000080024e8                PROVIDE (__preinit_array_start = .)
 *(.preinit_array*)
                0x00000000080024e8                PROVIDE (__preinit_array_end = .)

.init_array     0x00000000080024e8        0x4
                0x00000000080024e8                PROVIDE (__init_array_start = .)
 *(SORT_BY_NAME(.init_array.*))
 *(.init_array*)
 .init_array    0x00000000080024e8        0x4 /Applications/Ac6/SystemWorkbench.app/Contents/Eclipse/plugins/fr.ac6.mcu.externaltools.arm-none.macos64_1.17.0.201812190825/tools/compiler/bin/../lib/gcc/arm-none-eabi/7.3.1/thumb/v7e-m/fpv4-sp/hard/crtbegin.o
                0x00000000080024ec                PROVIDE (__init_array_end = .)

.fini_array     0x00000000080024ec        0x4
                [!provide]                        PROVIDE (__fini_array_start = .)
 *(SORT_BY_NAME(.fini_array.*))
 *(.fini_array*)
 .fini_array    0x00000000080024ec        0x4 /Applications/Ac6/SystemWorkbench.app/Contents/Eclipse/plugins/fr.ac6.mcu.externaltools.arm-none.macos64_1.17.0.201812190825/tools/compiler/bin/../lib/gcc/arm-none-eabi/7.3.1/thumb/v7e-m/fpv4-sp/hard/crtbegin.o
                [!provide]                        PROVIDE (__fini_array_end = .)
                0x00000000080024f0                _sidata = LOADADDR (.data)

.data           0x0000000020000000       0x28 load address 0x00000000080024f0
                0x0000000020000000                . = ALIGN (0x4)
                0x0000000020000000                _sdata = .
 *(.data)
 .data          0x0000000020000000       0x1c Drivers/BSP/STM32F4-Discovery/stm32f4_discovery.o
                0x0000000020000000                SpixTimeout
                0x0000000020000004                I2cxTimeout
                0x0000000020000008                GPIO_PORT
                0x0000000020000018                BUTTON_PORT
 .data          0x000000002000001c        0x4 Drivers/CMSIS/system_stm32f4xx.o
                0x000000002000001c                SystemCoreClock
 .data          0x0000000020000020        0x8 Drivers/STM32F4xx_HAL_Driver/stm32f4xx_hal.o
                0x0000000020000020                uwTickFreq
                0x0000000020000024                uwTickPrio
 *(.data*)
                0x0000000020000028                . = ALIGN (0x4)
                0x0000000020000028                _edata = .
                0x0000000008002518                _siccmram = LOADADDR (.ccmram)

.igot.plt       0x0000000020000028        0x0 load address 0x0000000008002518
 .igot.plt      0x0000000020000028        0x0 /Applications/Ac6/SystemWorkbench.app/Contents/Eclipse/plugins/fr.ac6.mcu.externaltools.arm-none.macos64_1.17.0.201812190825/tools/compiler/bin/../lib/gcc/arm-none-eabi/7.3.1/thumb/v7e-m/fpv4-sp/hard/crtbegin.o

.ccmram         0x0000000010000000        0x0 load address 0x0000000008002518
                0x0000000010000000                . = ALIGN (0x4)
                0x0000000010000000                _sccmram = .
 *(.ccmram)
 *(.ccmram*)
                0x0000000010000000                . = ALIGN (0x4)
                0x0000000010000000                _eccmram = .
                0x0000000010000000                . = ALIGN (0x4)

.bss            0x0000000020000028     0x51a8
                0x0000000020000028                _sbss = .
                0x0000000020000028                __bss_start__ = _sbss
 *(.bss)
 .bss           0x0000000020000028       0x1c /Applications/Ac6/SystemWorkbench.app/Contents/Eclipse/plugins/fr.ac6.mcu.externaltools.arm-none.macos64_1.17.0.201812190825/tools/compiler/bin/../lib/gcc/arm-none-eabi/7.3.1/thumb/v7e-m/fpv4-sp/hard/crtbegin.o
 .bss           0x0000000020000044       0xc4 Drivers/BSP/STM32F4-Discovery/stm32f4_discovery_audio.o
 *(.bss*)
 *(COMMON)
 COMMON         0x0000000020000108     0x4f90 Application/User/main.o
                0x0000000020000108                hi2c1
                0x000000002000015c                hcrc
                0x0000000020000164                pHeaderBuff
                0x0000000020000190                BufferCtl
                0x0000000020000198                WrBuffer
                0x0000000020004fb8                hspi1
                0x0000000020005010                huart2
                0x0000000020005050                hi2s2
 COMMON         0x0000000020005098      0x134 Drivers/BSP/STM32F4-Discovery/stm32f4_discovery_audio.o
                0x0000000020005098                PDM_FilterConfig
                0x00000000200050a4                PDM_FilterHandler
                0x000000002000513c                hAudioOutI2s
                0x0000000020005184                hAudioInI2s
 COMMON         0x00000000200051cc        0x4 Drivers/STM32F4xx_HAL_Driver/stm32f4xx_hal.o
                0x00000000200051cc                uwTick
                0x00000000200051d0                . = ALIGN (0x4)
                0x00000000200051d0                _ebss = .
                0x00000000200051d0                __bss_end__ = _ebss

._user_heap_stack
                0x00000000200051d0     0x6000
                0x00000000200051d0                . = ALIGN (0x8)
                0x00000000200051d0                PROVIDE (end = .)
                [!provide]                        PROVIDE (_end = .)
                0x00000000200071d0                . = (. + _Min_Heap_Size)
 *fill*         0x00000000200051d0     0x2000 
                0x000000002000b1d0                . = (. + _Min_Stack_Size)
 *fill*         0x00000000200071d0     0x4000 
                0x000000002000b1d0                . = ALIGN (0x8)

/DISCARD/
 libc.a(*)
 libm.a(*)
 libgcc.a(*)

.ARM.attributes
                0x0000000000000000       0x34
 *(.ARM.attributes)
 .ARM.attributes
                0x0000000000000000       0x22 /Applications/Ac6/SystemWorkbench.app/Contents/Eclipse/plugins/fr.ac6.mcu.externaltools.arm-none.macos64_1.17.0.201812190825/tools/compiler/bin/../lib/gcc/arm-none-eabi/7.3.1/thumb/v7e-m/fpv4-sp/hard/crti.o
 .ARM.attributes
                0x0000000000000022       0x34 /Applications/Ac6/SystemWorkbench.app/Contents/Eclipse/plugins/fr.ac6.mcu.externaltools.arm-none.macos64_1.17.0.201812190825/tools/compiler/bin/../lib/gcc/arm-none-eabi/7.3.1/thumb/v7e-m/fpv4-sp/hard/crtbegin.o
 .ARM.attributes
                0x0000000000000056       0x21 Application/SW4STM32/startup_stm32f407xx.o
 .ARM.attributes
                0x0000000000000077       0x39 Application/User/app_x-cube-ai.o
 .ARM.attributes
                0x00000000000000b0       0x39 Application/User/main.o
 .ARM.attributes
                0x00000000000000e9       0x39 Application/User/stm32f4xx_hal_msp.o
 .ARM.attributes
                0x0000000000000122       0x39 Application/User/stm32f4xx_it.o
 .ARM.attributes
                0x000000000000015b       0x39 Drivers/BSP/STM32F4-Discovery/stm32f4_discovery.o
 .ARM.attributes
                0x0000000000000194       0x39 Drivers/BSP/STM32F4-Discovery/stm32f4_discovery_audio.o
 .ARM.attributes
                0x00000000000001cd       0x39 Drivers/CMSIS/system_stm32f4xx.o
 .ARM.attributes
                0x0000000000000206       0x39 Drivers/STM32F4xx_HAL_Driver/stm32f4xx_hal.o
 .ARM.attributes
                0x000000000000023f       0x39 Drivers/STM32F4xx_HAL_Driver/stm32f4xx_hal_cortex.o
 .ARM.attributes
                0x0000000000000278       0x39 Drivers/STM32F4xx_HAL_Driver/stm32f4xx_hal_crc.o
 .ARM.attributes
                0x00000000000002b1       0x39 Drivers/STM32F4xx_HAL_Driver/stm32f4xx_hal_dma.o
 .ARM.attributes
                0x00000000000002ea       0x39 Drivers/STM32F4xx_HAL_Driver/stm32f4xx_hal_gpio.o
 .ARM.attributes
                0x0000000000000323       0x39 Drivers/STM32F4xx_HAL_Driver/stm32f4xx_hal_i2s.o
 .ARM.attributes
                0x000000000000035c       0x39 Drivers/STM32F4xx_HAL_Driver/stm32f4xx_hal_i2s_ex.o
 .ARM.attributes
                0x0000000000000395       0x39 Drivers/STM32F4xx_HAL_Driver/stm32f4xx_hal_rcc.o
 .ARM.attributes
                0x00000000000003ce       0x39 Drivers/STM32F4xx_HAL_Driver/stm32f4xx_hal_rcc_ex.o
 .ARM.attributes
                0x0000000000000407       0x39 Drivers/STM32F4xx_HAL_Driver/stm32f4xx_hal_uart.o
 .ARM.attributes
                0x0000000000000440       0x22 /Applications/Ac6/SystemWorkbench.app/Contents/Eclipse/plugins/fr.ac6.mcu.externaltools.arm-none.macos64_1.17.0.201812190825/tools/compiler/bin/../lib/gcc/arm-none-eabi/7.3.1/thumb/v7e-m/fpv4-sp/hard/libgcc.a(_aeabi_uldivmod.o)
 .ARM.attributes
                0x0000000000000462       0x34 /Applications/Ac6/SystemWorkbench.app/Contents/Eclipse/plugins/fr.ac6.mcu.externaltools.arm-none.macos64_1.17.0.201812190825/tools/compiler/bin/../lib/gcc/arm-none-eabi/7.3.1/thumb/v7e-m/fpv4-sp/hard/libgcc.a(_udivmoddi4.o)
 .ARM.attributes
                0x0000000000000496       0x22 /Applications/Ac6/SystemWorkbench.app/Contents/Eclipse/plugins/fr.ac6.mcu.externaltools.arm-none.macos64_1.17.0.201812190825/tools/compiler/bin/../lib/gcc/arm-none-eabi/7.3.1/thumb/v7e-m/fpv4-sp/hard/libgcc.a(_dvmd_tls.o)
 .ARM.attributes
                0x00000000000004b8       0x34 /Applications/Ac6/SystemWorkbench.app/Contents/Eclipse/plugins/fr.ac6.mcu.externaltools.arm-none.macos64_1.17.0.201812190825/tools/compiler/bin/../lib/gcc/arm-none-eabi/7.3.1/../../../../arm-none-eabi/lib/thumb/v7e-m/fpv4-sp/hard/libc_nano.a(lib_a-init.o)
 .ARM.attributes
                0x00000000000004ec       0x34 /Applications/Ac6/SystemWorkbench.app/Contents/Eclipse/plugins/fr.ac6.mcu.externaltools.arm-none.macos64_1.17.0.201812190825/tools/compiler/bin/../lib/gcc/arm-none-eabi/7.3.1/../../../../arm-none-eabi/lib/thumb/v7e-m/fpv4-sp/hard/libc_nano.a(lib_a-memset.o)
 .ARM.attributes
                0x0000000000000520       0x22 /Applications/Ac6/SystemWorkbench.app/Contents/Eclipse/plugins/fr.ac6.mcu.externaltools.arm-none.macos64_1.17.0.201812190825/tools/compiler/bin/../lib/gcc/arm-none-eabi/7.3.1/thumb/v7e-m/fpv4-sp/hard/crtn.o
OUTPUT(STM32AI_SoundNet.elf elf32-littlearm)

.debug_line     0x0000000000000000     0xc3fe
 .debug_line    0x0000000000000000       0xb3 Application/SW4STM32/startup_stm32f407xx.o
 .debug_line    0x00000000000000b3      0xe00 Application/User/app_x-cube-ai.o
 .debug_line    0x0000000000000eb3      0xbfd Application/User/main.o
 .debug_line    0x0000000000001ab0      0xb87 Application/User/stm32f4xx_hal_msp.o
 .debug_line    0x0000000000002637      0xafb Application/User/stm32f4xx_it.o
 .debug_line    0x0000000000003132      0xa59 Drivers/BSP/STM32F4-Discovery/stm32f4_discovery.o
 .debug_line    0x0000000000003b8b      0xd3a Drivers/BSP/STM32F4-Discovery/stm32f4_discovery_audio.o
 .debug_line    0x00000000000048c5      0x83b Drivers/CMSIS/system_stm32f4xx.o
 .debug_line    0x0000000000005100      0xa13 Drivers/STM32F4xx_HAL_Driver/stm32f4xx_hal.o
 .debug_line    0x0000000000005b13      0xa69 Drivers/STM32F4xx_HAL_Driver/stm32f4xx_hal_cortex.o
 .debug_line    0x000000000000657c      0x8e1 Drivers/STM32F4xx_HAL_Driver/stm32f4xx_hal_crc.o
 .debug_line    0x0000000000006e5d      0xb40 Drivers/STM32F4xx_HAL_Driver/stm32f4xx_hal_dma.o
 .debug_line    0x000000000000799d      0x99f Drivers/STM32F4xx_HAL_Driver/stm32f4xx_hal_gpio.o
 .debug_line    0x000000000000833c      0xdc4 Drivers/STM32F4xx_HAL_Driver/stm32f4xx_hal_i2s.o
 .debug_line    0x0000000000009100      0xdef Drivers/STM32F4xx_HAL_Driver/stm32f4xx_hal_i2s_ex.o
 .debug_line    0x0000000000009eef      0xa8b Drivers/STM32F4xx_HAL_Driver/stm32f4xx_hal_rcc.o
 .debug_line    0x000000000000a97a      0x92f Drivers/STM32F4xx_HAL_Driver/stm32f4xx_hal_rcc_ex.o
 .debug_line    0x000000000000b2a9     0x1155 Drivers/STM32F4xx_HAL_Driver/stm32f4xx_hal_uart.o

.debug_info     0x0000000000000000     0xf5f9
 .debug_info    0x0000000000000000       0x22 Application/SW4STM32/startup_stm32f407xx.o
 .debug_info    0x0000000000000022     0x169e Application/User/app_x-cube-ai.o
 .debug_info    0x00000000000016c0     0x16be Application/User/main.o
 .debug_info    0x0000000000002d7e     0x1533 Application/User/stm32f4xx_hal_msp.o
 .debug_info    0x00000000000042b1      0x33a Application/User/stm32f4xx_it.o
 .debug_info    0x00000000000045eb     0x19e2 Drivers/BSP/STM32F4-Discovery/stm32f4_discovery.o
 .debug_info    0x0000000000005fcd     0x1d46 Drivers/BSP/STM32F4-Discovery/stm32f4_discovery_audio.o
 .debug_info    0x0000000000007d13      0x507 Drivers/CMSIS/system_stm32f4xx.o
 .debug_info    0x000000000000821a      0x9cc Drivers/STM32F4xx_HAL_Driver/stm32f4xx_hal.o
 .debug_info    0x0000000000008be6      0xf3a Drivers/STM32F4xx_HAL_Driver/stm32f4xx_hal_cortex.o
 .debug_info    0x0000000000009b20      0x416 Drivers/STM32F4xx_HAL_Driver/stm32f4xx_hal_crc.o
 .debug_info    0x0000000000009f36      0xa5b Drivers/STM32F4xx_HAL_Driver/stm32f4xx_hal_dma.o
 .debug_info    0x000000000000a991      0x770 Drivers/STM32F4xx_HAL_Driver/stm32f4xx_hal_gpio.o
 .debug_info    0x000000000000b101      0xf8d Drivers/STM32F4xx_HAL_Driver/stm32f4xx_hal_i2s.o
 .debug_info    0x000000000000c08e      0xd99 Drivers/STM32F4xx_HAL_Driver/stm32f4xx_hal_i2s_ex.o
 .debug_info    0x000000000000ce27      0xa39 Drivers/STM32F4xx_HAL_Driver/stm32f4xx_hal_rcc.o
 .debug_info    0x000000000000d860      0x669 Drivers/STM32F4xx_HAL_Driver/stm32f4xx_hal_rcc_ex.o
 .debug_info    0x000000000000dec9     0x1730 Drivers/STM32F4xx_HAL_Driver/stm32f4xx_hal_uart.o

.debug_abbrev   0x0000000000000000     0x26bc
 .debug_abbrev  0x0000000000000000       0x12 Application/SW4STM32/startup_stm32f407xx.o
 .debug_abbrev  0x0000000000000012      0x3f0 Application/User/app_x-cube-ai.o
 .debug_abbrev  0x0000000000000402      0x247 Application/User/main.o
 .debug_abbrev  0x0000000000000649      0x213 Application/User/stm32f4xx_hal_msp.o
 .debug_abbrev  0x000000000000085c      0x108 Application/User/stm32f4xx_it.o
 .debug_abbrev  0x0000000000000964      0x2bb Drivers/BSP/STM32F4-Discovery/stm32f4_discovery.o
 .debug_abbrev  0x0000000000000c1f      0x2fe Drivers/BSP/STM32F4-Discovery/stm32f4_discovery_audio.o
 .debug_abbrev  0x0000000000000f1d      0x111 Drivers/CMSIS/system_stm32f4xx.o
 .debug_abbrev  0x000000000000102e      0x1f1 Drivers/STM32F4xx_HAL_Driver/stm32f4xx_hal.o
 .debug_abbrev  0x000000000000121f      0x328 Drivers/STM32F4xx_HAL_Driver/stm32f4xx_hal_cortex.o
 .debug_abbrev  0x0000000000001547      0x1d0 Drivers/STM32F4xx_HAL_Driver/stm32f4xx_hal_crc.o
 .debug_abbrev  0x0000000000001717      0x290 Drivers/STM32F4xx_HAL_Driver/stm32f4xx_hal_dma.o
 .debug_abbrev  0x00000000000019a7      0x1e7 Drivers/STM32F4xx_HAL_Driver/stm32f4xx_hal_gpio.o
 .debug_abbrev  0x0000000000001b8e      0x23a Drivers/STM32F4xx_HAL_Driver/stm32f4xx_hal_i2s.o
 .debug_abbrev  0x0000000000001dc8      0x281 Drivers/STM32F4xx_HAL_Driver/stm32f4xx_hal_i2s_ex.o
 .debug_abbrev  0x0000000000002049      0x273 Drivers/STM32F4xx_HAL_Driver/stm32f4xx_hal_rcc.o
 .debug_abbrev  0x00000000000022bc      0x190 Drivers/STM32F4xx_HAL_Driver/stm32f4xx_hal_rcc_ex.o
 .debug_abbrev  0x000000000000244c      0x270 Drivers/STM32F4xx_HAL_Driver/stm32f4xx_hal_uart.o

.debug_aranges  0x0000000000000000      0xaf0
 .debug_aranges
                0x0000000000000000       0x28 Application/SW4STM32/startup_stm32f407xx.o
 .debug_aranges
                0x0000000000000028       0x70 Application/User/app_x-cube-ai.o
 .debug_aranges
                0x0000000000000098       0x48 Application/User/main.o
 .debug_aranges
                0x00000000000000e0       0x70 Application/User/stm32f4xx_hal_msp.o
 .debug_aranges
                0x0000000000000150       0x60 Application/User/stm32f4xx_it.o
 .debug_aranges
                0x00000000000001b0       0xd8 Drivers/BSP/STM32F4-Discovery/stm32f4_discovery.o
 .debug_aranges
                0x0000000000000288      0x140 Drivers/BSP/STM32F4-Discovery/stm32f4_discovery_audio.o
 .debug_aranges
                0x00000000000003c8       0x28 Drivers/CMSIS/system_stm32f4xx.o
 .debug_aranges
                0x00000000000003f0       0xf0 Drivers/STM32F4xx_HAL_Driver/stm32f4xx_hal.o
 .debug_aranges
                0x00000000000004e0       0xa8 Drivers/STM32F4xx_HAL_Driver/stm32f4xx_hal_cortex.o
 .debug_aranges
                0x0000000000000588       0x50 Drivers/STM32F4xx_HAL_Driver/stm32f4xx_hal_crc.o
 .debug_aranges
                0x00000000000005d8       0x90 Drivers/STM32F4xx_HAL_Driver/stm32f4xx_hal_dma.o
 .debug_aranges
                0x0000000000000668       0x58 Drivers/STM32F4xx_HAL_Driver/stm32f4xx_hal_gpio.o
 .debug_aranges
                0x00000000000006c0      0x108 Drivers/STM32F4xx_HAL_Driver/stm32f4xx_hal_i2s.o
 .debug_aranges
                0x00000000000007c8       0x88 Drivers/STM32F4xx_HAL_Driver/stm32f4xx_hal_i2s_ex.o
 .debug_aranges
                0x0000000000000850       0x88 Drivers/STM32F4xx_HAL_Driver/stm32f4xx_hal_rcc.o
 .debug_aranges
                0x00000000000008d8       0x48 Drivers/STM32F4xx_HAL_Driver/stm32f4xx_hal_rcc_ex.o
 .debug_aranges
                0x0000000000000920      0x1d0 Drivers/STM32F4xx_HAL_Driver/stm32f4xx_hal_uart.o

.debug_str      0x0000000000000000    0xc9921
 .debug_str     0x0000000000000000       0xb9 Application/SW4STM32/startup_stm32f407xx.o
 .debug_str     0x00000000000000b9    0xc5ab0 Application/User/app_x-cube-ai.o
                                      0xc5ebe (size before relaxing)
 .debug_str     0x00000000000c5b69      0xec4 Application/User/main.o
                                      0xc35ff (size before relaxing)
 .debug_str     0x00000000000c6a2d      0x1b8 Application/User/stm32f4xx_hal_msp.o
                                      0xc29f9 (size before relaxing)
 .debug_str     0x00000000000c6be5       0xf7 Application/User/stm32f4xx_it.o
                                      0xc1e40 (size before relaxing)
 .debug_str     0x00000000000c6cdc      0x956 Drivers/BSP/STM32F4-Discovery/stm32f4_discovery.o
                                      0xc15da (size before relaxing)
 .debug_str     0x00000000000c7632      0x63c Drivers/BSP/STM32F4-Discovery/stm32f4_discovery_audio.o
                                      0xc28f2 (size before relaxing)
 .debug_str     0x00000000000c7c6e       0xf2 Drivers/CMSIS/system_stm32f4xx.o
                                      0xbf81d (size before relaxing)
 .debug_str     0x00000000000c7d60      0x616 Drivers/STM32F4xx_HAL_Driver/stm32f4xx_hal.o
                                      0xc03a8 (size before relaxing)
 .debug_str     0x00000000000c8376      0x356 Drivers/STM32F4xx_HAL_Driver/stm32f4xx_hal_cortex.o
                                      0xc00de (size before relaxing)
 .debug_str     0x00000000000c86cc       0xc2 Drivers/STM32F4xx_HAL_Driver/stm32f4xx_hal_crc.o
                                      0xbf867 (size before relaxing)
 .debug_str     0x00000000000c878e      0x339 Drivers/STM32F4xx_HAL_Driver/stm32f4xx_hal_dma.o
                                      0xbfc43 (size before relaxing)
 .debug_str     0x00000000000c8ac7      0x1e6 Drivers/STM32F4xx_HAL_Driver/stm32f4xx_hal_gpio.o
                                      0xbfa61 (size before relaxing)
 .debug_str     0x00000000000c8cad      0x1d0 Drivers/STM32F4xx_HAL_Driver/stm32f4xx_hal_i2s.o
                                      0xbfe06 (size before relaxing)
 .debug_str     0x00000000000c8e7d      0x229 Drivers/STM32F4xx_HAL_Driver/stm32f4xx_hal_i2s_ex.o
                                      0xbfd47 (size before relaxing)
 .debug_str     0x00000000000c90a6      0x250 Drivers/STM32F4xx_HAL_Driver/stm32f4xx_hal_rcc.o
                                      0xbfc2b (size before relaxing)
 .debug_str     0x00000000000c92f6       0xf4 Drivers/STM32F4xx_HAL_Driver/stm32f4xx_hal_rcc_ex.o
                                      0xbf970 (size before relaxing)
 .debug_str     0x00000000000c93ea      0x537 Drivers/STM32F4xx_HAL_Driver/stm32f4xx_hal_uart.o
                                      0xc00cc (size before relaxing)

.debug_ranges   0x0000000000000000      0xc48
 .debug_ranges  0x0000000000000000       0x20 Application/SW4STM32/startup_stm32f407xx.o
 .debug_ranges  0x0000000000000020      0x240 Application/User/app_x-cube-ai.o
 .debug_ranges  0x0000000000000260       0x38 Application/User/main.o
 .debug_ranges  0x0000000000000298       0x60 Application/User/stm32f4xx_hal_msp.o
 .debug_ranges  0x00000000000002f8       0x50 Application/User/stm32f4xx_it.o
 .debug_ranges  0x0000000000000348       0xc8 Drivers/BSP/STM32F4-Discovery/stm32f4_discovery.o
 .debug_ranges  0x0000000000000410      0x130 Drivers/BSP/STM32F4-Discovery/stm32f4_discovery_audio.o
 .debug_ranges  0x0000000000000540       0x18 Drivers/CMSIS/system_stm32f4xx.o
 .debug_ranges  0x0000000000000558       0xe0 Drivers/STM32F4xx_HAL_Driver/stm32f4xx_hal.o
 .debug_ranges  0x0000000000000638       0xf8 Drivers/STM32F4xx_HAL_Driver/stm32f4xx_hal_cortex.o
 .debug_ranges  0x0000000000000730       0x40 Drivers/STM32F4xx_HAL_Driver/stm32f4xx_hal_crc.o
 .debug_ranges  0x0000000000000770       0x80 Drivers/STM32F4xx_HAL_Driver/stm32f4xx_hal_dma.o
 .debug_ranges  0x00000000000007f0       0x48 Drivers/STM32F4xx_HAL_Driver/stm32f4xx_hal_gpio.o
 .debug_ranges  0x0000000000000838       0xf8 Drivers/STM32F4xx_HAL_Driver/stm32f4xx_hal_i2s.o
 .debug_ranges  0x0000000000000930       0x90 Drivers/STM32F4xx_HAL_Driver/stm32f4xx_hal_i2s_ex.o
 .debug_ranges  0x00000000000009c0       0x90 Drivers/STM32F4xx_HAL_Driver/stm32f4xx_hal_rcc.o
 .debug_ranges  0x0000000000000a50       0x38 Drivers/STM32F4xx_HAL_Driver/stm32f4xx_hal_rcc_ex.o
 .debug_ranges  0x0000000000000a88      0x1c0 Drivers/STM32F4xx_HAL_Driver/stm32f4xx_hal_uart.o

.debug_loc      0x0000000000000000     0x63e7
 .debug_loc     0x0000000000000000      0x96b Application/User/app_x-cube-ai.o
 .debug_loc     0x000000000000096b      0x1d0 Application/User/stm32f4xx_hal_msp.o
 .debug_loc     0x0000000000000b3b      0x45a Drivers/BSP/STM32F4-Discovery/stm32f4_discovery.o
 .debug_loc     0x0000000000000f95      0x7aa Drivers/BSP/STM32F4-Discovery/stm32f4_discovery_audio.o
 .debug_loc     0x000000000000173f      0x13e Drivers/CMSIS/system_stm32f4xx.o
 .debug_loc     0x000000000000187d       0xfd Drivers/STM32F4xx_HAL_Driver/stm32f4xx_hal.o
 .debug_loc     0x000000000000197a      0x5ce Drivers/STM32F4xx_HAL_Driver/stm32f4xx_hal_cortex.o
 .debug_loc     0x0000000000001f48      0x21b Drivers/STM32F4xx_HAL_Driver/stm32f4xx_hal_crc.o
 .debug_loc     0x0000000000002163      0xb4e Drivers/STM32F4xx_HAL_Driver/stm32f4xx_hal_dma.o
 .debug_loc     0x0000000000002cb1      0x497 Drivers/STM32F4xx_HAL_Driver/stm32f4xx_hal_gpio.o
 .debug_loc     0x0000000000003148      0xc17 Drivers/STM32F4xx_HAL_Driver/stm32f4xx_hal_i2s.o
 .debug_loc     0x0000000000003d5f      0xa81 Drivers/STM32F4xx_HAL_Driver/stm32f4xx_hal_i2s_ex.o
 .debug_loc     0x00000000000047e0      0x3f1 Drivers/STM32F4xx_HAL_Driver/stm32f4xx_hal_rcc.o
 .debug_loc     0x0000000000004bd1      0x2c7 Drivers/STM32F4xx_HAL_Driver/stm32f4xx_hal_rcc_ex.o
 .debug_loc     0x0000000000004e98     0x154f Drivers/STM32F4xx_HAL_Driver/stm32f4xx_hal_uart.o

.debug_macro    0x0000000000000000    0x20acf
 .debug_macro   0x0000000000000000      0x361 Application/User/app_x-cube-ai.o
 .debug_macro   0x0000000000000361       0x10 Application/User/app_x-cube-ai.o
 .debug_macro   0x0000000000000371       0x22 Application/User/app_x-cube-ai.o
 .debug_macro   0x0000000000000393       0xef Application/User/app_x-cube-ai.o
 .debug_macro   0x0000000000000482      0x1df Application/User/app_x-cube-ai.o
 .debug_macro   0x0000000000000661       0xac Application/User/app_x-cube-ai.o
 .debug_macro   0x000000000000070d       0x34 Application/User/app_x-cube-ai.o
 .debug_macro   0x0000000000000741       0x28 Application/User/app_x-cube-ai.o
 .debug_macro   0x0000000000000769       0x1c Application/User/app_x-cube-ai.o
 .debug_macro   0x0000000000000785      0x19e Application/User/app_x-cube-ai.o
 .debug_macro   0x0000000000000923       0x32 Application/User/app_x-cube-ai.o
 .debug_macro   0x0000000000000955       0x2f Application/User/app_x-cube-ai.o
 .debug_macro   0x0000000000000984       0x1c Application/User/app_x-cube-ai.o
 .debug_macro   0x00000000000009a0       0x22 Application/User/app_x-cube-ai.o
 .debug_macro   0x00000000000009c2       0xd9 Application/User/app_x-cube-ai.o
 .debug_macro   0x0000000000000a9b     0x102d Application/User/app_x-cube-ai.o
 .debug_macro   0x0000000000001ac8      0x11f Application/User/app_x-cube-ai.o
 .debug_macro   0x0000000000001be7    0x15e43 Application/User/app_x-cube-ai.o
 .debug_macro   0x0000000000017a2a       0x43 Application/User/app_x-cube-ai.o
 .debug_macro   0x0000000000017a6d     0x35d4 Application/User/app_x-cube-ai.o
 .debug_macro   0x000000000001b041       0x4e Application/User/app_x-cube-ai.o
 .debug_macro   0x000000000001b08f      0x96b Application/User/app_x-cube-ai.o
 .debug_macro   0x000000000001b9fa      0x9fe Application/User/app_x-cube-ai.o
 .debug_macro   0x000000000001c3f8       0xed Application/User/app_x-cube-ai.o
 .debug_macro   0x000000000001c4e5      0x117 Application/User/app_x-cube-ai.o
 .debug_macro   0x000000000001c5fc      0x13e Application/User/app_x-cube-ai.o
 .debug_macro   0x000000000001c73a       0x27 Application/User/app_x-cube-ai.o
 .debug_macro   0x000000000001c761      0x287 Application/User/app_x-cube-ai.o
 .debug_macro   0x000000000001c9e8       0x5f Application/User/app_x-cube-ai.o
 .debug_macro   0x000000000001ca47      0x236 Application/User/app_x-cube-ai.o
 .debug_macro   0x000000000001cc7d       0x22 Application/User/app_x-cube-ai.o
 .debug_macro   0x000000000001cc9f      0x12c Application/User/app_x-cube-ai.o
 .debug_macro   0x000000000001cdcb      0x21e Application/User/app_x-cube-ai.o
 .debug_macro   0x000000000001cfe9       0x2e Application/User/app_x-cube-ai.o
 .debug_macro   0x000000000001d017      0x1ae Application/User/app_x-cube-ai.o
 .debug_macro   0x000000000001d1c5       0xd6 Application/User/app_x-cube-ai.o
 .debug_macro   0x000000000001d29b      0x199 Application/User/app_x-cube-ai.o
 .debug_macro   0x000000000001d434       0x40 Application/User/app_x-cube-ai.o
 .debug_macro   0x000000000001d474       0x4a Application/User/app_x-cube-ai.o
 .debug_macro   0x000000000001d4be      0x11a Application/User/app_x-cube-ai.o
 .debug_macro   0x000000000001d5d8       0x7e Application/User/app_x-cube-ai.o
 .debug_macro   0x000000000001d656       0x89 Application/User/app_x-cube-ai.o
 .debug_macro   0x000000000001d6df      0x225 Application/User/app_x-cube-ai.o
 .debug_macro   0x000000000001d904      0x287 Application/User/app_x-cube-ai.o
 .debug_macro   0x000000000001db8b      0x12d Application/User/app_x-cube-ai.o
 .debug_macro   0x000000000001dcb8      0x1e7 Application/User/app_x-cube-ai.o
 .debug_macro   0x000000000001de9f       0x16 Application/User/app_x-cube-ai.o
 .debug_macro   0x000000000001deb5      0x18f Application/User/app_x-cube-ai.o
 .debug_macro   0x000000000001e044       0x82 Application/User/app_x-cube-ai.o
 .debug_macro   0x000000000001e0c6      0x171 Application/User/app_x-cube-ai.o
 .debug_macro   0x000000000001e237      0x190 Application/User/app_x-cube-ai.o
 .debug_macro   0x000000000001e3c7       0x16 Application/User/app_x-cube-ai.o
 .debug_macro   0x000000000001e3dd       0x10 Application/User/app_x-cube-ai.o
 .debug_macro   0x000000000001e3ed       0xc5 Application/User/app_x-cube-ai.o
 .debug_macro   0x000000000001e4b2      0x292 Application/User/main.o
 .debug_macro   0x000000000001e744       0x8e Application/User/main.o
 .debug_macro   0x000000000001e7d2       0x51 Application/User/main.o
 .debug_macro   0x000000000001e823       0xdf Application/User/main.o
 .debug_macro   0x000000000001e902      0x24d Application/User/stm32f4xx_hal_msp.o
 .debug_macro   0x000000000001eb4f      0x257 Application/User/stm32f4xx_it.o
 .debug_macro   0x000000000001eda6      0x22e Drivers/BSP/STM32F4-Discovery/stm32f4_discovery.o
 .debug_macro   0x000000000001efd4      0x1e1 Drivers/BSP/STM32F4-Discovery/stm32f4_discovery.o
 .debug_macro   0x000000000001f1b5      0x247 Drivers/BSP/STM32F4-Discovery/stm32f4_discovery_audio.o
 .debug_macro   0x000000000001f3fc      0x207 Drivers/CMSIS/system_stm32f4xx.o
 .debug_macro   0x000000000001f603      0x261 Drivers/STM32F4xx_HAL_Driver/stm32f4xx_hal.o
 .debug_macro   0x000000000001f864      0x201 Drivers/STM32F4xx_HAL_Driver/stm32f4xx_hal_cortex.o
 .debug_macro   0x000000000001fa65      0x201 Drivers/STM32F4xx_HAL_Driver/stm32f4xx_hal_crc.o
 .debug_macro   0x000000000001fc66      0x207 Drivers/STM32F4xx_HAL_Driver/stm32f4xx_hal_dma.o
 .debug_macro   0x000000000001fe6d      0x237 Drivers/STM32F4xx_HAL_Driver/stm32f4xx_hal_gpio.o
 .debug_macro   0x00000000000200a4      0x202 Drivers/STM32F4xx_HAL_Driver/stm32f4xx_hal_i2s.o
 .debug_macro   0x00000000000202a6      0x201 Drivers/STM32F4xx_HAL_Driver/stm32f4xx_hal_i2s_ex.o
 .debug_macro   0x00000000000204a7      0x225 Drivers/STM32F4xx_HAL_Driver/stm32f4xx_hal_rcc.o
 .debug_macro   0x00000000000206cc      0x201 Drivers/STM32F4xx_HAL_Driver/stm32f4xx_hal_rcc_ex.o
 .debug_macro   0x00000000000208cd      0x202 Drivers/STM32F4xx_HAL_Driver/stm32f4xx_hal_uart.o

.comment        0x0000000000000000       0x7f
 .comment       0x0000000000000000       0x7f Application/User/app_x-cube-ai.o
                                         0x80 (size before relaxing)
 .comment       0x000000000000007f       0x80 Application/User/main.o
 .comment       0x000000000000007f       0x80 Application/User/stm32f4xx_hal_msp.o
 .comment       0x000000000000007f       0x80 Application/User/stm32f4xx_it.o
 .comment       0x000000000000007f       0x80 Drivers/BSP/STM32F4-Discovery/stm32f4_discovery.o
 .comment       0x000000000000007f       0x80 Drivers/BSP/STM32F4-Discovery/stm32f4_discovery_audio.o
 .comment       0x000000000000007f       0x80 Drivers/CMSIS/system_stm32f4xx.o
 .comment       0x000000000000007f       0x80 Drivers/STM32F4xx_HAL_Driver/stm32f4xx_hal.o
 .comment       0x000000000000007f       0x80 Drivers/STM32F4xx_HAL_Driver/stm32f4xx_hal_cortex.o
 .comment       0x000000000000007f       0x80 Drivers/STM32F4xx_HAL_Driver/stm32f4xx_hal_crc.o
 .comment       0x000000000000007f       0x80 Drivers/STM32F4xx_HAL_Driver/stm32f4xx_hal_dma.o
 .comment       0x000000000000007f       0x80 Drivers/STM32F4xx_HAL_Driver/stm32f4xx_hal_gpio.o
 .comment       0x000000000000007f       0x80 Drivers/STM32F4xx_HAL_Driver/stm32f4xx_hal_i2s.o
 .comment       0x000000000000007f       0x80 Drivers/STM32F4xx_HAL_Driver/stm32f4xx_hal_i2s_ex.o
 .comment       0x000000000000007f       0x80 Drivers/STM32F4xx_HAL_Driver/stm32f4xx_hal_rcc.o
 .comment       0x000000000000007f       0x80 Drivers/STM32F4xx_HAL_Driver/stm32f4xx_hal_rcc_ex.o
 .comment       0x000000000000007f       0x80 Drivers/STM32F4xx_HAL_Driver/stm32f4xx_hal_uart.o

.debug_frame    0x0000000000000000     0x1d2c
 .debug_frame   0x0000000000000000      0x148 Application/User/app_x-cube-ai.o
 .debug_frame   0x0000000000000148       0xa8 Application/User/main.o
 .debug_frame   0x00000000000001f0      0x140 Application/User/stm32f4xx_hal_msp.o
 .debug_frame   0x0000000000000330       0xa8 Application/User/stm32f4xx_it.o
 .debug_frame   0x00000000000003d8      0x2a4 Drivers/BSP/STM32F4-Discovery/stm32f4_discovery.o
 .debug_frame   0x000000000000067c      0x3a8 Drivers/BSP/STM32F4-Discovery/stm32f4_discovery_audio.o
 .debug_frame   0x0000000000000a24       0x30 Drivers/CMSIS/system_stm32f4xx.o
 .debug_frame   0x0000000000000a54      0x1ec Drivers/STM32F4xx_HAL_Driver/stm32f4xx_hal.o
 .debug_frame   0x0000000000000c40      0x15c Drivers/STM32F4xx_HAL_Driver/stm32f4xx_hal_cortex.o
 .debug_frame   0x0000000000000d9c       0xc4 Drivers/STM32F4xx_HAL_Driver/stm32f4xx_hal_crc.o
 .debug_frame   0x0000000000000e60      0x188 Drivers/STM32F4xx_HAL_Driver/stm32f4xx_hal_dma.o
 .debug_frame   0x0000000000000fe8       0xd8 Drivers/STM32F4xx_HAL_Driver/stm32f4xx_hal_gpio.o
 .debug_frame   0x00000000000010c0      0x31c Drivers/STM32F4xx_HAL_Driver/stm32f4xx_hal_i2s.o
 .debug_frame   0x00000000000013dc      0x18c Drivers/STM32F4xx_HAL_Driver/stm32f4xx_hal_i2s_ex.o
 .debug_frame   0x0000000000001568      0x184 Drivers/STM32F4xx_HAL_Driver/stm32f4xx_hal_rcc.o
 .debug_frame   0x00000000000016ec       0xa4 Drivers/STM32F4xx_HAL_Driver/stm32f4xx_hal_rcc_ex.o
 .debug_frame   0x0000000000001790      0x4f0 Drivers/STM32F4xx_HAL_Driver/stm32f4xx_hal_uart.o
 .debug_frame   0x0000000000001c80       0x2c /Applications/Ac6/SystemWorkbench.app/Contents/Eclipse/plugins/fr.ac6.mcu.externaltools.arm-none.macos64_1.17.0.201812190825/tools/compiler/bin/../lib/gcc/arm-none-eabi/7.3.1/thumb/v7e-m/fpv4-sp/hard/libgcc.a(_aeabi_uldivmod.o)
 .debug_frame   0x0000000000001cac       0x34 /Applications/Ac6/SystemWorkbench.app/Contents/Eclipse/plugins/fr.ac6.mcu.externaltools.arm-none.macos64_1.17.0.201812190825/tools/compiler/bin/../lib/gcc/arm-none-eabi/7.3.1/thumb/v7e-m/fpv4-sp/hard/libgcc.a(_udivmoddi4.o)
 .debug_frame   0x0000000000001ce0       0x2c /Applications/Ac6/SystemWorkbench.app/Contents/Eclipse/plugins/fr.ac6.mcu.externaltools.arm-none.macos64_1.17.0.201812190825/tools/compiler/bin/../lib/gcc/arm-none-eabi/7.3.1/../../../../arm-none-eabi/lib/thumb/v7e-m/fpv4-sp/hard/libc_nano.a(lib_a-init.o)
 .debug_frame   0x0000000000001d0c       0x20 /Applications/Ac6/SystemWorkbench.app/Contents/Eclipse/plugins/fr.ac6.mcu.externaltools.arm-none.macos64_1.17.0.201812190825/tools/compiler/bin/../lib/gcc/arm-none-eabi/7.3.1/../../../../arm-none-eabi/lib/thumb/v7e-m/fpv4-sp/hard/libc_nano.a(lib_a-memset.o)
